// Vitest Snapshot v1, https://vitest.dev/guide/snapshot.html

exports[`SymptomNew > matches snapshot 1`] = `
<DocumentFragment>
  <form
    class="SymptomNew-Form m-4"
  >
    <h1
      class="Symptom-h1"
    >
      Add Symptom:
    </h1>
    <p
      class="text-secondary"
    >
      Fields marked with 
      <span
        class="text-danger"
      >
        *
      </span>
       are required.
    </p>
    <div
      class="mb-3"
    >
      <label
        class="Symptom-label form-label"
        for="name"
      >
        <b>
          Symptom Name
        </b>
        <span
          class="text-danger"
        >
          *
        </span>
      </label>
      <input
        class="form-control"
        id="name"
        maxlength="100"
        name="name"
        placeholder="Enter symptom name..."
        type="text"
        value=""
      />
    </div>
    <div
      class="Symptom-date-input mb-3"
    >
      <label
        class="Symptom-label form-label"
        for="startDate"
      >
        <b>
          Start Date
        </b>
      </label>
      <input
        class="form-control"
        id="startDate"
        max="2024-08-06"
        name="startDate"
        placeholder="Enter start date..."
        type="date"
        value=""
      />
    </div>
    <div
      class="Symptom-date-input mb-3"
    >
      <label
        class="Symptom-label form-label"
        for="endDate"
      >
        <b>
          End Date
        </b>
      </label>
      <input
        class="form-control"
        id="endDate"
        max="2024-08-06"
        name="endDate"
        placeholder="Enter end date..."
        type="date"
        value=""
      />
    </div>
    <div
      class="mb-3"
    >
      <label
        class="Symptom-label form-label"
        for="notes"
      >
        <b>
          Notes
        </b>
      </label>
      <textarea
        class="form-control"
        id="notes"
        maxlength="250"
        name="notes"
        placeholder="Enter notes..."
      />
    </div>
    <p
      class="text-secondary"
    >
      0/250 Characters
    </p>
    <button
      class="btn-dark btn btn-secondary"
      type="button"
    >
      Add Symptom
    </button>
  </form>
</DocumentFragment>
`;
